Archive member included to satisfy reference by file (symbol)

/usr/share/arm-none-eabi/lib/gcc/arm-none-eabi/8.3.0/../../../../arm-none-eabi/lib/thumb/v7-m/nofp/libm.a(lib_a-s_cos.o)
                              complex.o (cos)
/usr/share/arm-none-eabi/lib/gcc/arm-none-eabi/8.3.0/../../../../arm-none-eabi/lib/thumb/v7-m/nofp/libm.a(lib_a-s_sin.o)
                              complex.o (sin)
/usr/share/arm-none-eabi/lib/gcc/arm-none-eabi/8.3.0/../../../../arm-none-eabi/lib/thumb/v7-m/nofp/libm.a(lib_a-e_rem_pio2.o)
                              /usr/share/arm-none-eabi/lib/gcc/arm-none-eabi/8.3.0/../../../../arm-none-eabi/lib/thumb/v7-m/nofp/libm.a(lib_a-s_cos.o) (__ieee754_rem_pio2)
/usr/share/arm-none-eabi/lib/gcc/arm-none-eabi/8.3.0/../../../../arm-none-eabi/lib/thumb/v7-m/nofp/libm.a(lib_a-k_cos.o)
                              /usr/share/arm-none-eabi/lib/gcc/arm-none-eabi/8.3.0/../../../../arm-none-eabi/lib/thumb/v7-m/nofp/libm.a(lib_a-s_cos.o) (__kernel_cos)
/usr/share/arm-none-eabi/lib/gcc/arm-none-eabi/8.3.0/../../../../arm-none-eabi/lib/thumb/v7-m/nofp/libm.a(lib_a-k_rem_pio2.o)
                              /usr/share/arm-none-eabi/lib/gcc/arm-none-eabi/8.3.0/../../../../arm-none-eabi/lib/thumb/v7-m/nofp/libm.a(lib_a-e_rem_pio2.o) (__kernel_rem_pio2)
/usr/share/arm-none-eabi/lib/gcc/arm-none-eabi/8.3.0/../../../../arm-none-eabi/lib/thumb/v7-m/nofp/libm.a(lib_a-k_sin.o)
                              /usr/share/arm-none-eabi/lib/gcc/arm-none-eabi/8.3.0/../../../../arm-none-eabi/lib/thumb/v7-m/nofp/libm.a(lib_a-s_cos.o) (__kernel_sin)
/usr/share/arm-none-eabi/lib/gcc/arm-none-eabi/8.3.0/../../../../arm-none-eabi/lib/thumb/v7-m/nofp/libm.a(lib_a-s_fabs.o)
                              /usr/share/arm-none-eabi/lib/gcc/arm-none-eabi/8.3.0/../../../../arm-none-eabi/lib/thumb/v7-m/nofp/libm.a(lib_a-e_rem_pio2.o) (fabs)
/usr/share/arm-none-eabi/lib/gcc/arm-none-eabi/8.3.0/../../../../arm-none-eabi/lib/thumb/v7-m/nofp/libm.a(lib_a-s_floor.o)
                              /usr/share/arm-none-eabi/lib/gcc/arm-none-eabi/8.3.0/../../../../arm-none-eabi/lib/thumb/v7-m/nofp/libm.a(lib_a-k_rem_pio2.o) (floor)
/usr/share/arm-none-eabi/lib/gcc/arm-none-eabi/8.3.0/../../../../arm-none-eabi/lib/thumb/v7-m/nofp/libm.a(lib_a-s_scalbn.o)
                              /usr/share/arm-none-eabi/lib/gcc/arm-none-eabi/8.3.0/../../../../arm-none-eabi/lib/thumb/v7-m/nofp/libm.a(lib_a-k_rem_pio2.o) (scalbn)
/usr/share/arm-none-eabi/lib/gcc/arm-none-eabi/8.3.0/thumb/v7-m/nofp/libgcc.a(_arm_addsubdf3.o)
                              complex.o (__aeabi_dsub)
/usr/share/arm-none-eabi/lib/gcc/arm-none-eabi/8.3.0/thumb/v7-m/nofp/libgcc.a(_arm_muldivdf3.o)
                              fft_new.o (__aeabi_dmul)
/usr/share/arm-none-eabi/lib/gcc/arm-none-eabi/8.3.0/thumb/v7-m/nofp/libgcc.a(_arm_cmpdf2.o)
                              /usr/share/arm-none-eabi/lib/gcc/arm-none-eabi/8.3.0/../../../../arm-none-eabi/lib/thumb/v7-m/nofp/libm.a(lib_a-e_rem_pio2.o) (__aeabi_dcmpeq)
/usr/share/arm-none-eabi/lib/gcc/arm-none-eabi/8.3.0/thumb/v7-m/nofp/libgcc.a(_arm_fixdfsi.o)
                              /usr/share/arm-none-eabi/lib/gcc/arm-none-eabi/8.3.0/../../../../arm-none-eabi/lib/thumb/v7-m/nofp/libm.a(lib_a-e_rem_pio2.o) (__aeabi_d2iz)
/usr/share/arm-none-eabi/lib/gcc/arm-none-eabi/8.3.0/thumb/v7-m/nofp/libgcc.a(_arm_truncdfsf2.o)
                              main.o (__aeabi_d2f)
/usr/share/arm-none-eabi/lib/gcc/arm-none-eabi/8.3.0/thumb/v7-m/nofp/libgcc.a(_arm_addsubsf3.o)
                              main.o (__aeabi_fsub)
/usr/share/arm-none-eabi/lib/gcc/arm-none-eabi/8.3.0/thumb/v7-m/nofp/libgcc.a(_arm_muldivsf3.o)
                              main.o (__aeabi_fmul)
/usr/share/arm-none-eabi/lib/gcc/arm-none-eabi/8.3.0/thumb/v7-m/nofp/libgcc.a(_arm_cmpsf2.o)
                              main.o (__aeabi_fcmpeq)
/usr/share/arm-none-eabi/lib/gcc/arm-none-eabi/8.3.0/thumb/v7-m/nofp/libgcc.a(_arm_fixsfsi.o)
                              main.o (__aeabi_f2iz)
/usr/share/arm-none-eabi/lib/gcc/arm-none-eabi/8.3.0/thumb/v7-m/nofp/libgcc.a(_aeabi_uldivmod.o)
                              hwlib.o (__aeabi_uldivmod)
/usr/share/arm-none-eabi/lib/gcc/arm-none-eabi/8.3.0/thumb/v7-m/nofp/libgcc.a(_udivmoddi4.o)
                              /usr/share/arm-none-eabi/lib/gcc/arm-none-eabi/8.3.0/thumb/v7-m/nofp/libgcc.a(_aeabi_uldivmod.o) (__udivmoddi4)
/usr/share/arm-none-eabi/lib/gcc/arm-none-eabi/8.3.0/thumb/v7-m/nofp/libgcc.a(_dvmd_tls.o)
                              /usr/share/arm-none-eabi/lib/gcc/arm-none-eabi/8.3.0/thumb/v7-m/nofp/libgcc.a(_aeabi_uldivmod.o) (__aeabi_ldiv0)

Allocating common symbols
Common symbol       size              file

__dso_handle        0x4               bmptk_cortex.o

Discarded input sections

 .group         0x0000000000000000        0xc fft_new.o
 .text          0x0000000000000000        0x0 fft_new.o
 .data          0x0000000000000000        0x0 fft_new.o
 .bss           0x0000000000000000        0x0 fft_new.o
[...]
Memory Configuration

Name             Origin             Length             Attributes
rom              0x0000000000000000 0x0000000000080000 xr
ram              0x0000000020000000 0x0000000000018000 xrw
nul              0x0000000020018000 0x0000000000000000 xrw
*default*        0x0000000000000000 0xffffffffffffffff

Linker script and memory map

LOAD /usr/share/arm-none-eabi/lib/gcc/arm-none-eabi/8.3.0/thumb/v7-m/nofp/libgcc.a
LOAD fft_new.o
LOAD complex.o
LOAD hwlib.o
LOAD main.o
LOAD bmptk_cortex.o
LOAD bmptk_heap_none.o
LOAD bmptk_fixed_size_stack.o
LOAD /usr/share/arm-none-eabi/lib/gcc/arm-none-eabi/8.3.0/../../../../arm-none-eabi/lib/thumb/v7-m/nofp/libm.a
LOAD /usr/share/arm-none-eabi/lib/gcc/arm-none-eabi/8.3.0/thumb/v7-m/nofp/libgcc.a
LOAD /usr/share/arm-none-eabi/lib/gcc/arm-none-eabi/8.3.0/../../../../arm-none-eabi/lib/thumb/v7-m/nofp/libc.a
                0x0000000000000000                __rom_start = ORIGIN (rom)
                0x0000000000080000                __rom_size = LENGTH (rom)
                0x0000000000080000                __rom_end = (__rom_start + __rom_size)
                0x0000000020000000                __ram_start = ORIGIN (ram)
                0x0000000000018000                __ram_size = LENGTH (ram)
                0x0000000020018000                __ram_end = (__ram_start + __ram_size)
                [!provide]                        PROVIDE (__rom_start = __rom_start)
                [!provide]                        PROVIDE (__rom_size = __rom_size)
                [!provide]                        PROVIDE (__rom_end = __rom_end)
                [!provide]                        PROVIDE (__ram_start = __ram_start)
                [!provide]                        PROVIDE (__ram_size = __ram_size)
                [!provide]                        PROVIDE (__ram_end = __ram_end)

.text           0x0000000000000000     0x3f58
                0x0000000000000000                . = ALIGN (0x4)
                0x0000000000000000                __text_start = .
                [!provide]                        PROVIDE (__text_start = __text_start)
                0x0000000000000000                . = ALIGN (0x4)
 *(.vectors)
 .vectors       0x0000000000000000       0x20 bmptk_cortex.o
                0x0000000000000000                __vectors
                0x0000000000000020                . = ALIGN (0x4)
 *(.text .text.* .gnu.linkonce.t.*)
 .text._ZNSt6vectorI7complexSaIS0_EE17_M_realloc_insertIJRKS0_EEEvN9__gnu_cxx17__normal_iteratorIPS0_S2_EEDpOT_
                0x0000000000000020       0xa2 fft_new.o
                0x0000000000000020                void std::vector<complex, std::allocator<complex> >::_M_realloc_insert<complex const&>(__gnu_cxx::__normal_iterator<complex*, std::vector<complex, std::allocator<complex> > >, complex const&)
 .text._Z5sliceRSt6vectorI7complexSaIS0_EERKjS5_S5_
                0x00000000000000c2       0x4e fft_new.o
                0x00000000000000c2                slice(std::vector<complex, std::allocator<complex> >&, unsigned int const&, unsigned int const&, unsigned int const&)
 .text._Z3fftRSt6vectorI7complexSaIS0_EE
                0x0000000000000110      0x11c fft_new.o
                0x0000000000000110                fft(std::vector<complex, std::allocator<complex> >&)
 .text._ZplRK7complexS1_
                0x000000000000022c       0x30 complex.o
                0x000000000000022c                operator+(complex const&, complex const&)
 .text._ZmiRK7complexS1_
                0x000000000000025c       0x30 complex.o
                0x000000000000025c                operator-(complex const&, complex const&)
 .text._ZmlRK7complexS1_
                0x000000000000028c       0x30 complex.o
                0x000000000000028c                operator*(complex const&, complex const&)
 .text._Z5polarRKdS0_
                0x00000000000002bc       0x48 complex.o
                0x00000000000002bc                polar(double const&, double const&)
 .text._ZN5hwlib5panicEPKcj
                0x0000000000000304        0x2 hwlib.o
                0x0000000000000304                hwlib::panic(char const*, unsigned int)
 .text._ZN5hwlib3allENS_2xyE
                0x0000000000000306       0x16 hwlib.o
                0x0000000000000306                hwlib::all(hwlib::xy)
 .text._ZN5hwlib6window5writeENS_2xyENS_5colorE
                0x000000000000031c       0x3e hwlib.o
                0x000000000000031c                hwlib::window::write(hwlib::xy, hwlib::color)
 *fill*         0x000000000000035a        0x2 
 .text._ZN6sam3xa10SystemInitEv
                0x000000000000035c       0x7c hwlib.o
                0x000000000000035c                sam3xa::SystemInit()
 .text._ZN3due8pin_infoENS_4pinsE
                0x00000000000003d8       0x20 hwlib.o
                0x00000000000003d8                due::pin_info(due::pins)
 .text._ZN3due11ad_pin_infoENS_7ad_pinsE
                0x00000000000003f8       0x1c hwlib.o
                0x00000000000003f8                due::ad_pin_info(due::ad_pins)
 .text._ZN3due11ad_seq_infoEm
                0x0000000000000414       0x20 hwlib.o
                0x0000000000000414                due::ad_seq_info(unsigned long)
 .text._ZN3due14port_registersEm
                0x0000000000000434       0x3c hwlib.o
                0x0000000000000434                due::port_registers(unsigned long)
 .text._ZN3due12ticks_per_usEv
                0x0000000000000470        0x6 hwlib.o
                0x0000000000000470                due::ticks_per_us()
 *fill*         0x0000000000000476        0x2 
 .text._ZN3due9now_ticksEv
                0x0000000000000478       0x7c hwlib.o
                0x0000000000000478                due::now_ticks()
 .text._ZN5hwlib6now_usEv
                0x00000000000004f4       0x1c hwlib.o
                0x00000000000004f4                hwlib::now_us()
 .text._ZN5hwlib12wait_us_busyEi
                0x0000000000000510       0x1c hwlib.o
                0x0000000000000510                hwlib::wait_us_busy(int)
 .text._ZN5hwlib7wait_usEi
                0x000000000000052c        0x8 hwlib.o
                0x000000000000052c                hwlib::wait_us(int)
 .text._ZN5hwlib12wait_ms_busyEi
                0x0000000000000534       0x16 hwlib.o
                0x0000000000000534                hwlib::wait_ms_busy(int)
 .text._ZN5hwlib7wait_msEi
                0x000000000000054a        0x8 hwlib.o
                0x000000000000054a                hwlib::wait_ms(int)
 .text._ZN5hwlib14i2c_primitives8read_ackEv
                0x0000000000000552       0x10 main.o
                0x0000000000000552                hwlib::i2c_primitives::read_ack()
 .text._ZN5hwlib14i2c_primitives9write_ackEv
                0x0000000000000562        0x8 main.o
                0x0000000000000562                hwlib::i2c_primitives::write_ack()
 .text._ZN5hwlib14i2c_primitives10write_nackEv
                0x000000000000056a        0x8 main.o
                0x000000000000056a                hwlib::i2c_primitives::write_nack()
 .text._ZN5hwlib14i2c_primitives5writeEh
                0x0000000000000572       0x1c main.o
                0x0000000000000572                hwlib::i2c_primitives::write(unsigned char)
 .text._ZN5hwlib14i2c_primitives5writeEPKhj
                0x000000000000058e       0x24 main.o
                0x000000000000058e                hwlib::i2c_primitives::write(unsigned char const*, unsigned int)
 .text._ZN5hwlib14i2c_primitives9read_byteEv
                0x00000000000005b2       0x20 main.o
                0x00000000000005b2                hwlib::i2c_primitives::read_byte()
 .text._ZN5hwlib14i2c_primitives4readEbPhj
                0x00000000000005d2       0x36 main.o
                0x00000000000005d2                hwlib::i2c_primitives::read(bool, unsigned char*, unsigned int)
 .text._ZN5hwlib29glcd_oled_i2c_128x64_buffered20write_implementationENS_2xyENS_5colorE
                0x0000000000000608       0x64 main.o
                0x0000000000000608                hwlib::glcd_oled_i2c_128x64_buffered::write_implementation(hwlib::xy, hwlib::color)
 .text._ZN3due6pin_oc4readEv
                0x000000000000066c       0x10 main.o
                0x000000000000066c                due::pin_oc::read()
 .text._ZN3due6pin_oc5writeEb
                0x000000000000067c       0x10 main.o
                0x000000000000067c                due::pin_oc::write(bool)
 .text._ZN3due6pin_oc5flushEv
                0x000000000000068c        0x2 main.o
                0x000000000000068c                due::pin_oc::flush()
 .text._ZN3due6pin_oc7refreshEv
                0x000000000000068e        0x2 main.o
                0x000000000000068e                due::pin_oc::refresh()
 .text._ZN3due7pin_adc7refreshEv
                0x0000000000000690        0x2 main.o
                0x0000000000000690                due::pin_adc::refresh()
 *fill*         0x0000000000000692        0x2 
 .text._ZN3due7pin_adc4readEv
                0x0000000000000694       0x24 main.o
                0x0000000000000694                due::pin_adc::read()
 .text._ZN5hwlib21i2c_write_transaction5writeEPKhj.isra.2
                0x00000000000006b8        0x6 main.o
 .text._ZN5hwlib26i2c_bus_bit_banged_scl_sda16wait_half_periodEv.isra.5
                0x00000000000006be        0x6 main.o
 .text._ZN5hwlib26i2c_bus_bit_banged_scl_sda10write_stopEv
                0x00000000000006c4       0x60 main.o
                0x00000000000006c4                hwlib::i2c_bus_bit_banged_scl_sda::write_stop()
 .text._ZN5hwlib26i2c_bus_bit_banged_scl_sda11write_startEv
                0x0000000000000724       0x34 main.o
                0x0000000000000724                hwlib::i2c_bus_bit_banged_scl_sda::write_start()
 .text._ZN5hwlib26i2c_bus_bit_banged_scl_sda8read_bitEv
                0x0000000000000758       0x68 main.o
                0x0000000000000758                hwlib::i2c_bus_bit_banged_scl_sda::read_bit()
 .text._ZN5hwlib26i2c_bus_bit_banged_scl_sda9write_bitEb
                0x00000000000007c0       0x52 main.o
                0x00000000000007c0                hwlib::i2c_bus_bit_banged_scl_sda::write_bit(bool)
 .text._ZN5hwlib21i2c_write_transactionC2ERNS_14i2c_primitivesEj
                0x0000000000000812       0x24 main.o
                0x0000000000000812                hwlib::i2c_write_transaction::i2c_write_transaction(hwlib::i2c_primitives&, unsigned int)
                0x0000000000000812                hwlib::i2c_write_transaction::i2c_write_transaction(hwlib::i2c_primitives&, unsigned int)
 .text._ZN5hwlib21i2c_write_transactionD2Ev
                0x0000000000000836       0x18 main.o
                0x0000000000000836                hwlib::i2c_write_transaction::~i2c_write_transaction()
                0x0000000000000836                hwlib::i2c_write_transaction::~i2c_write_transaction()
 .text._ZN5hwlib6window5clearENS_5colorE
                0x000000000000084e       0x46 main.o
                0x000000000000084e                hwlib::window::clear(hwlib::color)
 .text._ZN5hwlib6window5clearEv
                0x0000000000000894       0x44 main.o
                0x0000000000000894                hwlib::window::clear()
 .text._ZN5hwlib11ssd1306_i2c7commandENS_16ssd1306_commandsEhh
                0x00000000000008d8       0x3c main.o
                0x00000000000008d8                hwlib::ssd1306_i2c::command(hwlib::ssd1306_commands, unsigned char, unsigned char)
 .text._ZN5hwlib29glcd_oled_i2c_128x64_buffered5flushEv
                0x0000000000000914       0x58 main.o
                0x0000000000000914                hwlib::glcd_oled_i2c_128x64_buffered::flush()
 .text._ZN3due6pin_ocC2ENS_4pinsE
                0x000000000000096c       0x34 main.o
                0x000000000000096c                due::pin_oc::pin_oc(due::pins)
                0x000000000000096c                due::pin_oc::pin_oc(due::pins)
 .text.startup.main
                0x00000000000009a0      0xc98 main.o
                0x00000000000009a0                main
 .text.__startup
                0x0000000000001638       0x40 bmptk_cortex.o
                0x0000000000001638                __startup
 .text          0x0000000000001678       0x90 /usr/share/arm-none-eabi/lib/gcc/arm-none-eabi/8.3.0/../../../../arm-none-eabi/lib/thumb/v7-m/nofp/libm.a(lib_a-s_cos.o)
                0x0000000000001678                cos
 .text          0x0000000000001708       0x90 /usr/share/arm-none-eabi/lib/gcc/arm-none-eabi/8.3.0/../../../../arm-none-eabi/lib/thumb/v7-m/nofp/libm.a(lib_a-s_sin.o)
                0x0000000000001708                sin
 .text          0x0000000000001798      0x434 /usr/share/arm-none-eabi/lib/gcc/arm-none-eabi/8.3.0/../../../../arm-none-eabi/lib/thumb/v7-m/nofp/libm.a(lib_a-e_rem_pio2.o)
                0x0000000000001798                __ieee754_rem_pio2
 *fill*         0x0000000000001bcc        0x4 
 .text          0x0000000000001bd0      0x248 /usr/share/arm-none-eabi/lib/gcc/arm-none-eabi/8.3.0/../../../../arm-none-eabi/lib/thumb/v7-m/nofp/libm.a(lib_a-k_cos.o)
                0x0000000000001bd0                __kernel_cos
 .text          0x0000000000001e18      0x840 /usr/share/arm-none-eabi/lib/gcc/arm-none-eabi/8.3.0/../../../../arm-none-eabi/lib/thumb/v7-m/nofp/libm.a(lib_a-k_rem_pio2.o)
                0x0000000000001e18                __kernel_rem_pio2
 .text          0x0000000000002658      0x16c /usr/share/arm-none-eabi/lib/gcc/arm-none-eabi/8.3.0/../../../../arm-none-eabi/lib/thumb/v7-m/nofp/libm.a(lib_a-k_sin.o)
                0x0000000000002658                __kernel_sin
 .text          0x00000000000027c4        0x8 /usr/share/arm-none-eabi/lib/gcc/arm-none-eabi/8.3.0/../../../../arm-none-eabi/lib/thumb/v7-m/nofp/libm.a(lib_a-s_fabs.o)
                0x00000000000027c4                fabs
 *fill*         0x00000000000027cc        0x4 
 .text          0x00000000000027d0      0x108 /usr/share/arm-none-eabi/lib/gcc/arm-none-eabi/8.3.0/../../../../arm-none-eabi/lib/thumb/v7-m/nofp/libm.a(lib_a-s_floor.o)
                0x00000000000027d0                floor
 .text          0x00000000000028d8       0xf4 /usr/share/arm-none-eabi/lib/gcc/arm-none-eabi/8.3.0/../../../../arm-none-eabi/lib/thumb/v7-m/nofp/libm.a(lib_a-s_scalbn.o)
                0x00000000000028d8                scalbn
 .text          0x00000000000029cc      0x378 /usr/share/arm-none-eabi/lib/gcc/arm-none-eabi/8.3.0/thumb/v7-m/nofp/libgcc.a(_arm_addsubdf3.o)
                0x00000000000029cc                __aeabi_drsub
                0x00000000000029d4                __aeabi_dsub
                0x00000000000029d4                __subdf3
                0x00000000000029d8                __adddf3
                0x00000000000029d8                __aeabi_dadd
                0x0000000000002c50                __aeabi_ui2d
                0x0000000000002c50                __floatunsidf
                0x0000000000002c70                __floatsidf
                0x0000000000002c70                __aeabi_i2d
                0x0000000000002c94                __extendsfdf2
                0x0000000000002c94                __aeabi_f2d
                0x0000000000002cd8                __aeabi_ul2d
                0x0000000000002cd8                __floatundidf
                0x0000000000002ce8                __floatdidf
                0x0000000000002ce8                __aeabi_l2d
 .text          0x0000000000002d44      0x424 /usr/share/arm-none-eabi/lib/gcc/arm-none-eabi/8.3.0/thumb/v7-m/nofp/libgcc.a(_arm_muldivdf3.o)
                0x0000000000002d44                __aeabi_dmul
                0x0000000000002d44                __muldf3
                0x0000000000002f98                __aeabi_ddiv
                0x0000000000002f98                __divdf3
 .text          0x0000000000003168      0x110 /usr/share/arm-none-eabi/lib/gcc/arm-none-eabi/8.3.0/thumb/v7-m/nofp/libgcc.a(_arm_cmpdf2.o)
                0x0000000000003168                __gtdf2
                0x0000000000003168                __gedf2
                0x0000000000003170                __ltdf2
                0x0000000000003170                __ledf2
                0x0000000000003178                __cmpdf2
                0x0000000000003178                __eqdf2
                0x0000000000003178                __nedf2
                0x00000000000031f4                __aeabi_cdrcmple
                0x0000000000003204                __aeabi_cdcmple
                0x0000000000003204                __aeabi_cdcmpeq
                0x0000000000003214                __aeabi_dcmpeq
                0x0000000000003228                __aeabi_dcmplt
                0x000000000000323c                __aeabi_dcmple
                0x0000000000003250                __aeabi_dcmpge
                0x0000000000003264                __aeabi_dcmpgt
 .text          0x0000000000003278       0x50 /usr/share/arm-none-eabi/lib/gcc/arm-none-eabi/8.3.0/thumb/v7-m/nofp/libgcc.a(_arm_fixdfsi.o)
                0x0000000000003278                __fixdfsi
                0x0000000000003278                __aeabi_d2iz
 .text          0x00000000000032c8       0xa0 /usr/share/arm-none-eabi/lib/gcc/arm-none-eabi/8.3.0/thumb/v7-m/nofp/libgcc.a(_arm_truncdfsf2.o)
                0x00000000000032c8                __aeabi_d2f
                0x00000000000032c8                __truncdfsf2
 .text          0x0000000000003368      0x21c /usr/share/arm-none-eabi/lib/gcc/arm-none-eabi/8.3.0/thumb/v7-m/nofp/libgcc.a(_arm_addsubsf3.o)
                0x0000000000003368                __aeabi_frsub
                0x0000000000003370                __subsf3
                0x0000000000003370                __aeabi_fsub
                0x0000000000003374                __aeabi_fadd
                0x0000000000003374                __addsf3
                0x00000000000034d4                __aeabi_ui2f
                0x00000000000034d4                __floatunsisf
                0x00000000000034dc                __aeabi_i2f
                0x00000000000034dc                __floatsisf
                0x00000000000034f8                __floatundisf
                0x00000000000034f8                __aeabi_ul2f
                0x0000000000003508                __floatdisf
                0x0000000000003508                __aeabi_l2f
 .text          0x0000000000003584      0x2a0 /usr/share/arm-none-eabi/lib/gcc/arm-none-eabi/8.3.0/thumb/v7-m/nofp/libgcc.a(_arm_muldivsf3.o)
                0x0000000000003584                __mulsf3
                0x0000000000003584                __aeabi_fmul
                0x00000000000036ec                __divsf3
                0x00000000000036ec                __aeabi_fdiv
 .text          0x0000000000003824       0x4c /usr/share/arm-none-eabi/lib/gcc/arm-none-eabi/8.3.0/thumb/v7-m/nofp/libgcc.a(_arm_fixsfsi.o)
                0x0000000000003824                __fixsfsi
                0x0000000000003824                __aeabi_f2iz
 .text          0x0000000000003870       0x30 /usr/share/arm-none-eabi/lib/gcc/arm-none-eabi/8.3.0/thumb/v7-m/nofp/libgcc.a(_aeabi_uldivmod.o)
                0x0000000000003870                __aeabi_uldivmod
 .text          0x00000000000038a0      0x2d0 /usr/share/arm-none-eabi/lib/gcc/arm-none-eabi/8.3.0/thumb/v7-m/nofp/libgcc.a(_udivmoddi4.o)
                0x00000000000038a0                __udivmoddi4
 .text          0x0000000000003b70        0x4 /usr/share/arm-none-eabi/lib/gcc/arm-none-eabi/8.3.0/thumb/v7-m/nofp/libgcc.a(_dvmd_tls.o)
                0x0000000000003b70                __aeabi_ldiv0
                0x0000000000003b74                . = ALIGN (0x4)
 *(.glue_7t .glue_7)
 .glue_7        0x0000000000003b74        0x0 linker stubs
 .glue_7t       0x0000000000003b74        0x0 linker stubs
                0x0000000000003b74                . = ALIGN (0x4)
 *(.rodata .rodata.* .gnu.linkonce.r.*)
 .rodata.CSWTCH.224
                0x0000000000003b74       0x10 hwlib.o
 .rodata._ZN3due8pin_infoENS_4pinsE.str1.1
                0x0000000000003b84       0x3a hwlib.o
 .rodata._ZZN3due11ad_pin_infoENS_7ad_pinsEE17ad_pin_info_array
                0x0000000000003bbe        0xc hwlib.o
 *fill*         0x0000000000003bca        0x2 
 .rodata._ZZN3due11ad_seq_infoEmE12ad_seq_array
                0x0000000000003bcc       0x70 hwlib.o
 .rodata._ZZN3due8pin_infoENS_4pinsEE14pin_info_array
                0x0000000000003c3c       0xa4 hwlib.o
 .rodata._ZTVN5hwlib26i2c_bus_bit_banged_scl_sdaE
                0x0000000000003ce0       0x34 main.o
                0x0000000000003ce0                vtable for hwlib::i2c_bus_bit_banged_scl_sda
 .rodata._ZTVN5hwlib29glcd_oled_i2c_128x64_bufferedE
                0x0000000000003d14       0x18 main.o
                0x0000000000003d14                vtable for hwlib::glcd_oled_i2c_128x64_buffered
 .rodata._ZTVN3due6pin_ocE
                0x0000000000003d2c       0x18 main.o
                0x0000000000003d2c                vtable for due::pin_oc
 .rodata._ZTVN3due7pin_adcE
                0x0000000000003d44       0x10 main.o
                0x0000000000003d44                vtable for due::pin_adc
 .rodata._ZN5hwlibL22ssd1306_initializationE
                0x0000000000003d54       0x29 main.o
 *fill*         0x0000000000003d7d        0x3 
 .rodata        0x0000000000003d80      0x188 /usr/share/arm-none-eabi/lib/gcc/arm-none-eabi/8.3.0/../../../../arm-none-eabi/lib/thumb/v7-m/nofp/libm.a(lib_a-e_rem_pio2.o)
 .rodata        0x0000000000003f08       0x50 /usr/share/arm-none-eabi/lib/gcc/arm-none-eabi/8.3.0/../../../../arm-none-eabi/lib/thumb/v7-m/nofp/libm.a(lib_a-k_rem_pio2.o)
                0x0000000000003f58                . = ALIGN (0x4)
 *(.ARM.extab* .gnu.linkonce.armextab.*)
                0x0000000000003f58                . = ALIGN (0x4)
 *(.gcc_except_table)
                0x0000000000003f58                . = ALIGN (0x4)
 *(.eh_frame_hdr)
                0x0000000000003f58                . = ALIGN (0x4)
 *(.eh_frame)
                0x0000000000003f58                . = ALIGN (0x4)
                0x0000000000003f58                __text_end = .
                [!provide]                        PROVIDE (__text_end = __text_end)

.vfp11_veneer   0x0000000000003f58        0x0
 .vfp11_veneer  0x0000000000003f58        0x0 linker stubs

.v4_bx          0x0000000000003f58        0x0
 .v4_bx         0x0000000000003f58        0x0 linker stubs

.iplt           0x0000000000003f58        0x0
 .iplt          0x0000000000003f58        0x0 fft_new.o

.IF_YOU_SEE_THIS_YOU_HAVE_ONE_OR_MORE_GLOBAL_OBJECT_CONSTRUCTORS
 *(.init)
 *(.preinit_array)
 *(SORT_BY_NAME(.init_array.*))
 *(.init_array)
                0x0000000000003f58                . = ALIGN (0x4)
                0x0000000000003f58                __exidx_start = .
                [!provide]                        PROVIDE (__exidx_start = __exidx_start)

.ARM.exidx      0x0000000000003f58        0x8
 *(.ARM.exidx* .gnu.linkonce.armexidx.*)
 .ARM.exidx     0x0000000000003f58        0x8 /usr/share/arm-none-eabi/lib/gcc/arm-none-eabi/8.3.0/thumb/v7-m/nofp/libgcc.a(_udivmoddi4.o)

.rel.dyn        0x0000000000003f60        0x0
 .rel.iplt      0x0000000000003f60        0x0 fft_new.o
                0x0000000000003f60                . = ALIGN (0x4)
                0x0000000000003f60                __exidx_end = .
                [!provide]                        PROVIDE (__exidx_end = __exidx_end)

.bss            0x0000000020000000    0x12010
                0x0000000020000000                . = ALIGN (0x4)
                0x0000000020000000                __stack_start = .
                [!provide]                        PROVIDE (__stack_start = __stack_start)
                0x0000000020000000                . = ALIGN (0x4)
 *(.bmptk_stack)
 .bmptk_stack   0x0000000020000000    0x12000 bmptk_fixed_size_stack.o
                0x0000000020000000                bmptk_stack
                0x0000000020012000                . = ALIGN (0x8)
                0x0000000020012000                __main_stack_end = .
                [!provide]                        PROVIDE (__main_stack_end = __main_stack_end)
                0x0000000020012000                . = ALIGN (0x4)
                0x0000000020012000                __stack_end = .
                [!provide]                        PROVIDE (__stack_end = __stack_end)
                0x0000000020012000                . = ALIGN (0x4)
                0x0000000020012000                __bss_start = .
                [!provide]                        PROVIDE (__bss_start = __bss_start)
                0x0000000020012000                . = ALIGN (0x4)
 *(.bss .bss.* .gnu.linkonce.b.*)
 .bss._ZZN3due9now_ticksEvE4high
                0x0000000020012000        0x8 hwlib.o
 .bss._ZZN3due9now_ticksEvE8last_low
                0x0000000020012008        0x4 hwlib.o
 .bss._ZZN3due9now_ticksEvE9init_done
                0x000000002001200c        0x1 hwlib.o
                0x0000000020012010                . = ALIGN (0x4)
 *fill*         0x000000002001200d        0x3 
 *(COMMON)
                0x0000000020012010                . = ALIGN (0x4)
                0x0000000020012010                __bss_end = .
                [!provide]                        PROVIDE (__bss_end = __bss_end)

.data           0x0000000020012010        0x4 load address 0x0000000000003f60
                0x0000000020012010                . = ALIGN (0x4)
                0x0000000000003f60                __data_init_start = LOADADDR (.data)
                [!provide]                        PROVIDE (__data_init_start = __data_init_start)
                0x0000000020012010                __data_start = .
                [!provide]                        PROVIDE (__data_start = __data_start)
                0x0000000020012010                . = ALIGN (0x4)
 *(.data .data.* .gnu.linkonce.d.*)
 .data._ZN6sam3xa15SystemCoreClockE
                0x0000000020012010        0x4 hwlib.o
                0x0000000020012010                sam3xa::SystemCoreClock
                0x0000000020012014                . = ALIGN (0x4)
                0x0000000020012014                __data_end = .
                [!provide]                        PROVIDE (__data_end = __data_end)
                0x0000000000003f60                __data_init_end = LOADADDR (.data)
                [!provide]                        PROVIDE (__data_init_end = __data_init_end)
                [!provide]                        PROVIDE (__data_size = (__data_end - __data_start))
                [!provide]                        PROVIDE (__data_init_size = __data_size)
                [!provide]                        PROVIDE (__data_init_end = (__data_init_start + __data_init_size))

.igot.plt       0x0000000020012014        0x0 load address 0x0000000000003f64
 .igot.plt      0x0000000020012014        0x0 fft_new.o
                0x0000000020012014                . = ALIGN (0x4)
                0x0000000020012014                __heap_start = .
                [!provide]                        PROVIDE (__heap_start = __heap_start)
                0x0000000020012014                . = ALIGN (0x4)
                0x0000000020018000                __heap_end = __ram_end
                [!provide]                        PROVIDE (__heap_end = __heap_end)

.stab
 *(.stab)

.stabstr
 *(.stabstr)

.debug
 *(.debug)

.line
 *(.line)

.debug_srcinfo
 *(.debug_srcinfo)

.debug_sfnames
 *(.debug_sfnames)

.debug_aranges
 *(.debug_aranges)

.debug_pubnames
 *(.debug_pubnames)

.debug_info
 *(.debug_info .gnu.linkonce.wi.*)

.debug_abbrev
 *(.debug_abbrev)

.debug_line
 *(.debug_line)

.debug_frame    0x0000000000000000      0x538
 *(.debug_frame)
 .debug_frame   0x0000000000000000       0x38 /usr/share/arm-none-eabi/lib/gcc/arm-none-eabi/8.3.0/../../../../arm-none-eabi/lib/thumb/v7-m/nofp/libm.a(lib_a-s_cos.o)
 .debug_frame   0x0000000000000038       0x38 /usr/share/arm-none-eabi/lib/gcc/arm-none-eabi/8.3.0/../../../../arm-none-eabi/lib/thumb/v7-m/nofp/libm.a(lib_a-s_sin.o)
 .debug_frame   0x0000000000000070       0x4c /usr/share/arm-none-eabi/lib/gcc/arm-none-eabi/8.3.0/../../../../arm-none-eabi/lib/thumb/v7-m/nofp/libm.a(lib_a-e_rem_pio2.o)
 .debug_frame   0x00000000000000bc       0x4c /usr/share/arm-none-eabi/lib/gcc/arm-none-eabi/8.3.0/../../../../arm-none-eabi/lib/thumb/v7-m/nofp/libm.a(lib_a-k_cos.o)
 .debug_frame   0x0000000000000108       0x58 /usr/share/arm-none-eabi/lib/gcc/arm-none-eabi/8.3.0/../../../../arm-none-eabi/lib/thumb/v7-m/nofp/libm.a(lib_a-k_rem_pio2.o)
 .debug_frame   0x0000000000000160       0x48 /usr/share/arm-none-eabi/lib/gcc/arm-none-eabi/8.3.0/../../../../arm-none-eabi/lib/thumb/v7-m/nofp/libm.a(lib_a-k_sin.o)
 .debug_frame   0x00000000000001a8       0x20 /usr/share/arm-none-eabi/lib/gcc/arm-none-eabi/8.3.0/../../../../arm-none-eabi/lib/thumb/v7-m/nofp/libm.a(lib_a-s_fabs.o)
 .debug_frame   0x00000000000001c8       0x30 /usr/share/arm-none-eabi/lib/gcc/arm-none-eabi/8.3.0/../../../../arm-none-eabi/lib/thumb/v7-m/nofp/libm.a(lib_a-s_floor.o)
 .debug_frame   0x00000000000001f8       0x30 /usr/share/arm-none-eabi/lib/gcc/arm-none-eabi/8.3.0/../../../../arm-none-eabi/lib/thumb/v7-m/nofp/libm.a(lib_a-s_scalbn.o)
 .debug_frame   0x0000000000000228       0xac /usr/share/arm-none-eabi/lib/gcc/arm-none-eabi/8.3.0/thumb/v7-m/nofp/libgcc.a(_arm_addsubdf3.o)
 .debug_frame   0x00000000000002d4       0x50 /usr/share/arm-none-eabi/lib/gcc/arm-none-eabi/8.3.0/thumb/v7-m/nofp/libgcc.a(_arm_muldivdf3.o)
 .debug_frame   0x0000000000000324       0xc4 /usr/share/arm-none-eabi/lib/gcc/arm-none-eabi/8.3.0/thumb/v7-m/nofp/libgcc.a(_arm_cmpdf2.o)
 .debug_frame   0x00000000000003e8       0x24 /usr/share/arm-none-eabi/lib/gcc/arm-none-eabi/8.3.0/thumb/v7-m/nofp/libgcc.a(_arm_fixdfsi.o)
 .debug_frame   0x000000000000040c       0x24 /usr/share/arm-none-eabi/lib/gcc/arm-none-eabi/8.3.0/thumb/v7-m/nofp/libgcc.a(_arm_truncdfsf2.o)
 .debug_frame   0x0000000000000430       0x4c /usr/share/arm-none-eabi/lib/gcc/arm-none-eabi/8.3.0/thumb/v7-m/nofp/libgcc.a(_arm_addsubsf3.o)
 .debug_frame   0x000000000000047c       0x38 /usr/share/arm-none-eabi/lib/gcc/arm-none-eabi/8.3.0/thumb/v7-m/nofp/libgcc.a(_arm_muldivsf3.o)
 .debug_frame   0x00000000000004b4       0x24 /usr/share/arm-none-eabi/lib/gcc/arm-none-eabi/8.3.0/thumb/v7-m/nofp/libgcc.a(_arm_fixsfsi.o)
 .debug_frame   0x00000000000004d8       0x2c /usr/share/arm-none-eabi/lib/gcc/arm-none-eabi/8.3.0/thumb/v7-m/nofp/libgcc.a(_aeabi_uldivmod.o)
 .debug_frame   0x0000000000000504       0x34 /usr/share/arm-none-eabi/lib/gcc/arm-none-eabi/8.3.0/thumb/v7-m/nofp/libgcc.a(_udivmoddi4.o)

.comment        0x0000000000000000       0x92
 .comment       0x0000000000000000       0x13 fft_new.o
                                         0x14 (size before relaxing)
 .comment       0x0000000000000013       0x14 complex.o
 .comment       0x0000000000000013       0x14 hwlib.o
 .comment       0x0000000000000013       0x14 main.o
 .comment       0x0000000000000013       0x14 bmptk_cortex.o
 .comment       0x0000000000000013       0x7f bmptk_fixed_size_stack.o
                                         0x80 (size before relaxing)

.debug_str
 *(.debug_str)

.debug_loc
 *(.debug_loc)

.debug_macinfo
 *(.debug_macinfo)

.debug_weaknames
 *(.debug_weaknames)

.debug_funcnames
 *(.debug_funcnames)

.debug_typenames
 *(.debug_typenames)

.debug_varnames
 *(.debug_varnames)

.note.gnu.arm.ident
 *(.note.gnu.arm.ident)

.ARM.attributes
                0x0000000000000000       0x2d
 *(.ARM.attributes)
 .ARM.attributes
                0x0000000000000000       0x2d fft_new.o
 .ARM.attributes
                0x000000000000002d       0x2d complex.o
 .ARM.attributes
                0x000000000000005a       0x2d hwlib.o
 .ARM.attributes
                0x0000000000000087       0x2d main.o
 .ARM.attributes
                0x00000000000000b4       0x2d bmptk_cortex.o
 .ARM.attributes
                0x00000000000000e1       0x2d bmptk_heap_none.o
 .ARM.attributes
                0x000000000000010e       0x33 bmptk_fixed_size_stack.o
 .ARM.attributes
                0x0000000000000141       0x2d /usr/share/arm-none-eabi/lib/gcc/arm-none-eabi/8.3.0/../../../../arm-none-eabi/lib/thumb/v7-m/nofp/libm.a(lib_a-s_cos.o)
 .ARM.attributes
                0x000000000000016e       0x2d /usr/share/arm-none-eabi/lib/gcc/arm-none-eabi/8.3.0/../../../../arm-none-eabi/lib/thumb/v7-m/nofp/libm.a(lib_a-s_sin.o)
 .ARM.attributes
                0x000000000000019b       0x2d /usr/share/arm-none-eabi/lib/gcc/arm-none-eabi/8.3.0/../../../../arm-none-eabi/lib/thumb/v7-m/nofp/libm.a(lib_a-e_rem_pio2.o)
 .ARM.attributes
                0x00000000000001c8       0x2d /usr/share/arm-none-eabi/lib/gcc/arm-none-eabi/8.3.0/../../../../arm-none-eabi/lib/thumb/v7-m/nofp/libm.a(lib_a-k_cos.o)
 .ARM.attributes
                0x00000000000001f5       0x2d /usr/share/arm-none-eabi/lib/gcc/arm-none-eabi/8.3.0/../../../../arm-none-eabi/lib/thumb/v7-m/nofp/libm.a(lib_a-k_rem_pio2.o)
 .ARM.attributes
                0x0000000000000222       0x2d /usr/share/arm-none-eabi/lib/gcc/arm-none-eabi/8.3.0/../../../../arm-none-eabi/lib/thumb/v7-m/nofp/libm.a(lib_a-k_sin.o)
 .ARM.attributes
                0x000000000000024f       0x2d /usr/share/arm-none-eabi/lib/gcc/arm-none-eabi/8.3.0/../../../../arm-none-eabi/lib/thumb/v7-m/nofp/libm.a(lib_a-s_fabs.o)
 .ARM.attributes
                0x000000000000027c       0x2d /usr/share/arm-none-eabi/lib/gcc/arm-none-eabi/8.3.0/../../../../arm-none-eabi/lib/thumb/v7-m/nofp/libm.a(lib_a-s_floor.o)
 .ARM.attributes
                0x00000000000002a9       0x2d /usr/share/arm-none-eabi/lib/gcc/arm-none-eabi/8.3.0/../../../../arm-none-eabi/lib/thumb/v7-m/nofp/libm.a(lib_a-s_scalbn.o)
 .ARM.attributes
                0x00000000000002d6       0x1d /usr/share/arm-none-eabi/lib/gcc/arm-none-eabi/8.3.0/thumb/v7-m/nofp/libgcc.a(_arm_addsubdf3.o)
 .ARM.attributes
                0x00000000000002f3       0x1d /usr/share/arm-none-eabi/lib/gcc/arm-none-eabi/8.3.0/thumb/v7-m/nofp/libgcc.a(_arm_muldivdf3.o)
 .ARM.attributes
                0x0000000000000310       0x1d /usr/share/arm-none-eabi/lib/gcc/arm-none-eabi/8.3.0/thumb/v7-m/nofp/libgcc.a(_arm_cmpdf2.o)
 .ARM.attributes
                0x000000000000032d       0x1d /usr/share/arm-none-eabi/lib/gcc/arm-none-eabi/8.3.0/thumb/v7-m/nofp/libgcc.a(_arm_fixdfsi.o)
 .ARM.attributes
                0x000000000000034a       0x1d /usr/share/arm-none-eabi/lib/gcc/arm-none-eabi/8.3.0/thumb/v7-m/nofp/libgcc.a(_arm_truncdfsf2.o)
 .ARM.attributes
                0x0000000000000367       0x1d /usr/share/arm-none-eabi/lib/gcc/arm-none-eabi/8.3.0/thumb/v7-m/nofp/libgcc.a(_arm_addsubsf3.o)
 .ARM.attributes
                0x0000000000000384       0x1d /usr/share/arm-none-eabi/lib/gcc/arm-none-eabi/8.3.0/thumb/v7-m/nofp/libgcc.a(_arm_muldivsf3.o)
 .ARM.attributes
                0x00000000000003a1       0x1d /usr/share/arm-none-eabi/lib/gcc/arm-none-eabi/8.3.0/thumb/v7-m/nofp/libgcc.a(_arm_cmpsf2.o)
 .ARM.attributes
                0x00000000000003be       0x1d /usr/share/arm-none-eabi/lib/gcc/arm-none-eabi/8.3.0/thumb/v7-m/nofp/libgcc.a(_arm_fixsfsi.o)
 .ARM.attributes
                0x00000000000003db       0x1d /usr/share/arm-none-eabi/lib/gcc/arm-none-eabi/8.3.0/thumb/v7-m/nofp/libgcc.a(_aeabi_uldivmod.o)
 .ARM.attributes
                0x00000000000003f8       0x2d /usr/share/arm-none-eabi/lib/gcc/arm-none-eabi/8.3.0/thumb/v7-m/nofp/libgcc.a(_udivmoddi4.o)
 .ARM.attributes
                0x0000000000000425       0x1d /usr/share/arm-none-eabi/lib/gcc/arm-none-eabi/8.3.0/thumb/v7-m/nofp/libgcc.a(_dvmd_tls.o)

/DISCARD/
 *(.note.GNU-stack)
                [!provide]                        PROVIDE (__text_size = (__text_end - __text_start))
                [!provide]                        PROVIDE (__exidx_size = (__exidx_end - __exidx_start))
                [!provide]                        PROVIDE (__bss_size = (__bss_end - __bss_start))
                [!provide]                        PROVIDE (__stack_size = (__stack_end - __stack_start))
                [!provide]                        PROVIDE (__heap_size = (__heap_end - __heap_start))
OUTPUT(main.elf elf32-littlearm)
